// Jest Snapshot v1, https://goo.gl/fbAQLP

exports[`<Card /> should render correctly the product type 1`] = `
<div
  class="css-njtlda"
>
  <h2
    class="chakra-heading css-1s3enhb"
    role="title"
  >
    Camiseta
  </h2>
  <p
    class="chakra-text css-in3yi3"
    role="description"
  >
    organic
  </p>
  <p
    class="chakra-text css-20qhnm"
  >
    Store Ranking 
    10
  </p>
  <p
    class="chakra-text css-0"
    role="views"
  >
    Public views 
    100
  </p>
</div>
`;

exports[`<Card /> should render the heading with product title 1`] = `
<div
  class="css-njtlda"
>
  <h2
    class="chakra-heading css-1s3enhb"
    role="title"
  >
    Camiseta
  </h2>
  <p
    class="chakra-text css-in3yi3"
    role="description"
  >
    organic
  </p>
  <p
    class="chakra-text css-20qhnm"
  >
    Store Ranking 
    10
  </p>
  <p
    class="chakra-text css-0"
    role="views"
  >
    Public views 
    100
  </p>
</div>
`;

exports[`<Card /> should render the product click views 1`] = `
<div
  class="css-njtlda"
>
  <h2
    class="chakra-heading css-1s3enhb"
    role="title"
  >
    Camiseta
  </h2>
  <p
    class="chakra-text css-in3yi3"
    role="description"
  >
    organic
  </p>
  <p
    class="chakra-text css-20qhnm"
  >
    Store Ranking 
    10
  </p>
  <p
    class="chakra-text css-0"
    role="views"
  >
    Public views 
    100
  </p>
</div>
`;
